<html>
<body>
<pre>
<h1>礦ision Build Log</h1>
<h2>Tool Versions:</h2>
IDE-Version: μVision V5.14.0.0
Copyright (C) 2015 ARM Ltd and ARM Germany GmbH. All rights reserved.
License Information: su yang, su, LIC=6XJUH-WDZPR-4A1DE-5BU7H-QA6NC-4QDJI
 
Tool Versions:
Toolchain:       MDK-ARM Professional  Version: 5.14.0.0
Toolchain Path:  C:\Keil_v5\ARM\ARMCC\Bin
C Compiler:      Armcc.exe V5.05 update 1 (build 106)
Assembler:       Armasm.exe V5.05 update 1 (build 106)
Linker/Locator:  ArmLink.exe V5.05 update 1 (build 106)
Library Manager: ArmAr.exe V5.05 update 1 (build 106)
Hex Converter:   FromElf.exe V5.05 update 1 (build 106)
CPU DLL:         SARMCM3.DLL V5.14.0.0
Dialog DLL:      DARMSTM.DLL V1.65.0.0
Target DLL:      Segger\JL2CM3.dll V2.99.13.0
Dialog DLL:      TARMSTM.DLL V1.64.0.0
 
<h2>Project:</h2>
C:\Users\suyang\Desktop\BMW下位机\USER\USART.uvprojx
Project File Date:  08/18/2018

<h2>Output:</h2>
Build target 'USART'
compiling main.c...
main.c(22): warning:  #550-D: variable "len" was set but never used
        u16 len;        
main.c(23): warning:  #177-D: variable "times" was declared but never referenced
        u16 times=0;
main.c(24): warning:  #177-D: variable "chongdian_flag" was declared but never referenced
        u8 chongdian_flag=0;
main.c(25): warning:  #177-D: variable "chongdianzhong" was declared but never referenced
        u8 chongdianzhong=0;
main.c(26): warning:  #177-D: variable "chaqiang_flag" was declared but never referenced
        u8 chaqiang_flag=0;
main.c: 5 warnings, 0 errors
linking...
Program Size: Code=14356 RO-data=512 RW-data=64 ZI-data=2032  
FromELF: creating hex file...
"..\OBJ\USART.axf" - 0 Error(s), 5 Warning(s).

<h2>Collection of Component include folders:</h2>
  C:\Users\suyang\Desktop\BMW下位机\USER\RTE
  C:\Keil_v5\ARM\PACK\Keil\STM32F1xx_DFP\1.0.5\Device\Include

<h2>Collection of Component Files used:</h2>
</pre>
</body>
</html>
